// Jest Snapshot v1, https://goo.gl/fbAQLP

exports[`hook command should match hook configuration 1`] = `
Object {
  "CONTENTS": "#!/bin/sh
# gitmoji as a commit hook
exec < /dev/tty
gitmoji --hook $1 $2
",
  "PATH": "/hooks/prepare-commit-msg",
  "PERMISSIONS": 509,
}
`;

exports[`hook command should match hook module export 1`] = `
Object {
  "create": [Function],
  "remove": [Function],
}
`;
