// Jest Snapshot v1, https://goo.gl/fbAQLP

exports[`hook command should match hook configuration 1`] = `
Object {
  "CONTENTS": "#! /bin/bash
# gitmoji as a commit hook

# strict mode for bash
set -eo pipefail
IFS=$'\\\\n\\\\t'

readonly COMMIT_MSG_FILE=$1
# no undefined variables
set -u

BRANCH_NAME=\\"$(git branch | sed -e 's/* //')\\"
if [[ ! \\"$BRANCH_NAME\\" =~ 'no branch' ]]; then
  exec < /dev/tty
  gitmoji --hook \\"$COMMIT_MSG_FILE\\"
fi
",
  "PATH": "/hooks/prepare-commit-msg",
  "PERMISSIONS": 509,
}
`;

exports[`hook command should match hook module export 1`] = `
Object {
  "create": [Function],
  "remove": [Function],
}
`;
