// Jest Snapshot v1, https://goo.gl/fbAQLP

exports[`index should match the module 1`] = `
Object {
  "getAutoAdd": [Function],
  "getEmojiFormat": [Function],
  "getGitmojisUrl": [Function],
  "getScopePrompt": [Function],
  "setAutoAdd": [Function],
  "setEmojiFormat": [Function],
  "setGitmojisUrl": [Function],
  "setScopePrompt": [Function],
}
`;
