// Jest Snapshot v1, https://goo.gl/fbAQLP

exports[`cli should match meow with cli information 1`] = `
[
  "
  Usage
    $ gitmoji
  Options
    --commit, -c    Interactively commit using the prompts
    --config, -g    Setup gitmoji-cli preferences.
    --init, -i      Initialize gitmoji as a commit hook
    --list, -l      List all the available gitmojis
    --remove, -r    Remove a previously initialized commit hook
    --search, -s    Search gitmojis
    --update, -u    Sync emoji list with the repo
    --version, -v   Print gitmoji-cli installed version
  Examples
    $ gitmoji -l
    $ gitmoji bug linter -s
",
  {
    "flags": {
      "commit": {
        "alias": "c",
        "type": "boolean",
      },
      "config": {
        "alias": "g",
        "type": "boolean",
      },
      "help": {
        "alias": "h",
        "type": "boolean",
      },
      "init": {
        "alias": "i",
        "type": "boolean",
      },
      "list": {
        "alias": "l",
        "type": "boolean",
      },
      "remove": {
        "alias": "r",
        "type": "boolean",
      },
      "search": {
        "alias": "s",
        "type": "boolean",
      },
      "update": {
        "alias": "u",
        "type": "boolean",
      },
      "version": {
        "alias": "v",
        "type": "boolean",
      },
    },
    "importMeta": {
      "url": "import.meta",
    },
  },
]
`;
