// Jest Snapshot v1, https://goo.gl/fbAQLP

exports[`cli should match meow with cli information 1`] = `
[
  [
    "
  Usage
    $ gitmoji [option] [command]
  Options
    --commit, -c    Interactively commit using the prompts
    --config, -g    Setup gitmoji-cli preferences.
    --init, -i      Initialize gitmoji as a commit hook
    --list, -l      List all the available gitmojis
    --remove, -r    Remove a previously initialized commit hook
    --search, -s    Search gitmojis
    --update, -u    Sync emoji list with the repo
    --version, -v   Print gitmoji-cli installed version
  Commands
    commit          Interactively commit using the prompts
    config          Setup gitmoji-cli preferences.
    init            Initialize gitmoji as a commit hook
    list            List all the available gitmojis
    remove          Remove a previously initialized commit hook
    search          Search gitmojis
    update          Sync emoji list with the repo
  Examples
    $ gitmoji -l
    $ gitmoji bug linter -s
",
    {
      "flags": {
        "commit": {
          "shortFlag": "c",
          "type": "boolean",
        },
        "config": {
          "shortFlag": "g",
          "type": "boolean",
        },
        "help": {
          "shortFlag": "h",
          "type": "boolean",
        },
        "init": {
          "shortFlag": "i",
          "type": "boolean",
        },
        "list": {
          "shortFlag": "l",
          "type": "boolean",
        },
        "remove": {
          "shortFlag": "r",
          "type": "boolean",
        },
        "search": {
          "shortFlag": "s",
          "type": "boolean",
        },
        "update": {
          "shortFlag": "u",
          "type": "boolean",
        },
        "version": {
          "shortFlag": "v",
          "type": "boolean",
        },
      },
      "importMeta": "import.meta.url",
    },
  ],
]
`;
