// Jest Snapshot v1, https://goo.gl/fbAQLP

exports[`config module should match for setAutoAdd and getAutoAdd 1`] = `false`;

exports[`config module should match for setEmojiFormat and getEmojiFormat 1`] = `"code"`;

exports[`config module should match for setIssueFormat and getIssueFormat 1`] = `"github"`;

exports[`config module should match for setSignedCommit and getSignedCommit 1`] = `false`;

exports[`config module should match the exported methods 1`] = `
Object {
  "getAutoAdd": [Function],
  "getEmojiFormat": [Function],
  "getIssueFormat": [Function],
  "getSignedCommit": [Function],
  "setAutoAdd": [Function],
  "setEmojiFormat": [Function],
  "setIssueFormat": [Function],
  "setSignedCommit": [Function],
}
`;

exports[`constants module should match for the exported constants 1`] = `
Object {
  "AUTO_ADD": "autoAdd",
  "CODE": "code",
  "EMOJI_FORMAT": "emojiFormat",
  "GITHUB": "github",
  "HOOK_FILE_CONTENTS": "#!/bin/sh
# gitmoji as a commit hook
exec < /dev/tty
gitmoji --hook $1
",
  "HOOK_MODE": "hook",
  "HOOK_PATH": "/hooks/prepare-commit-msg",
  "HOOK_PERMISSIONS": 509,
  "ISSUE_FORMAT": "issueFormat",
  "JIRA": "jira",
  "SIGNED_COMMIT": "signedCommit",
  "TITLE_MAX_LENGTH_COUNT": 48,
}
`;

exports[`gitmoji module commit should match for the commit snapshot with the given prompts 1`] = `"git commit -S -m \\":zap: Improving performance issues.\\" -m \\"Refactored code. #5\\""`;

exports[`gitmoji module commit should match for the commit snapshot with the given prompts 2`] = `"git commit  -m \\":zap: Improving performance issues.\\" -m \\"Refactored code. ABC-123\\""`;

exports[`gitmoji module should match for gitmoji class 1`] = `
GitmojiCli {
  "_gitmojiApiClient": [Function],
  "_gitmojis": undefined,
}
`;

exports[`guard module message should return error message when contains invalid characters 1`] = `"[31mEnter a valid commit message[39m"`;

exports[`guard module reference default should return error message when contains invalid characters 1`] = `"[31mEnter the number of the reference without the #. Eg: 12[39m"`;

exports[`guard module reference github should return error message when contains invalid characters 1`] = `"[31mEnter the number of the reference without the #. Eg: 12[39m"`;

exports[`guard module reference jira should return error message when contains invalid characters 1`] = `"[31mEnter the JIRA reference key, such as ABC-123[39m"`;

exports[`guard module title should return an error message when its empty 1`] = `"[31mEnter a valid commit title[39m"`;

exports[`guard module title should return error message when contains invalid characters 1`] = `"[31mEnter a valid commit title[39m"`;

exports[`prompts module should commit using the text emoji 1`] = `":zap:"`;

exports[`prompts module should commit using the unicode emoji 1`] = `"⚡️"`;

exports[`prompts module should match for the config prompts 1`] = `
Array [
  Object {
    "message": "Enable automatic \\"git add .\\"",
    "name": "autoAdd",
    "type": "confirm",
  },
  Object {
    "choices": Array [
      "github",
      "jira",
    ],
    "message": "Choose Issue Format",
    "name": "issueFormat",
    "type": "list",
  },
  Object {
    "choices": Array [
      Object {
        "name": ":smile:",
        "value": "code",
      },
      Object {
        "name": "😄",
        "value": "emoji",
      },
    ],
    "message": "Select how emojis should be used in commits",
    "name": "emojiFormat",
    "type": "list",
  },
  Object {
    "message": "Enable signed commits",
    "name": "signedCommit",
    "type": "confirm",
  },
]
`;

exports[`prompts module should match for the gitmoji prompts 1`] = `
Array [
  Object {
    "message": "Choose a gitmoji:",
    "name": "gitmoji",
    "source": [Function],
    "type": "autocomplete",
  },
  Object {
    "message": "Enter the commit title",
    "name": "title",
    "transformer": [Function],
    "validate": [Function],
  },
  Object {
    "message": "Enter the commit message:",
    "name": "message",
    "validate": [Function],
  },
  Object {
    "message": "Issue / PR reference:",
    "name": "reference",
    "validate": [Function],
  },
]
`;

exports[`utils module inputCountTransformer should match for an input with characters count string 1`] = `"[29/48]: Improving performance issues."`;
